// Jest Snapshot v1, https://jestjs.io/docs/snapshot-testing

exports[`ForgotPasswordForm should match snapshot for initial email step 1`] = `
<DocumentFragment>
  <form
    class="space-y-6"
  >
    <div
      class="space-y-2 text-left"
    >
      <h2
        class="text-xl font-semibold tracking-tight text-black"
      >
        Reset your password
      </h2>
      <p
        class="text-sm text-slate-600"
      >
        Enter the email associated with your account.
      </p>
    </div>
    <div
      class="space-y-5"
    >
      <label
        class="flex flex-col gap-1 text-sm text-slate-600"
        for="email"
      >
        <span
          class="font-medium text-slate-700"
        >
          Work email
        </span>
        <div
          class="relative"
        >
          <input
            autocomplete="email"
            class="w-full rounded-md border px-3 py-2 text-sm outline-none transition border-slate-300 focus:border-indigo-500 focus:ring-2 focus:ring-indigo-100 bg-white text-slate-900 placeholder:text-slate-400"
            id="email"
            placeholder="you@company.com"
            required=""
            type="email"
            value=""
          />
        </div>
      </label>
    </div>
    <div
      class="space-y-3"
    >
      <button
        class="inline-flex items-center justify-center rounded-md px-4 py-2 text-sm font-medium transition bg-indigo-600 text-white shadow hover:bg-indigo-500 disabled:bg-indigo-300 w-full rounded-full bg-gradient-to-r from-indigo-500 to-sky-500 px-6 py-3 text-sm font-semibold text-white shadow-lg shadow-indigo-500/30 transition hover:from-indigo-400 hover:to-sky-400 disabled:cursor-not-allowed disabled:opacity-70"
        disabled=""
        type="submit"
      >
        Send reset email
      </button>
    </div>
    <p
      class="text-center text-sm text-slate-600"
    >
      Remembered your password? 
      <a
        href="/en/auth/signin"
      >
        Back to sign in
      </a>
    </p>
  </form>
</DocumentFragment>
`;
